// Jest Snapshot v1, https://goo.gl/fbAQLP

exports[`Snapshot test for Navbar component 1`] = `
<nav
  className="d-flex"
>
  <h1>
    Math Magicians
  </h1>
  <div
    className="nav-links d-flex"
  >
    <a
      href="/"
      onClick={[Function]}
    >
      Home
    </a>
    <a
      href="/calculator"
      onClick={[Function]}
    >
      Calculator
    </a>
    <a
      href="/quote"
      onClick={[Function]}
    >
      Quote
    </a>
  </div>
</nav>
`;
